
===== index=0 name=whitespace-view/always-changed =====
P1.5_METRICS scenario=whitespace-view policy=always_changed operations=1 publications=1 initial_nodes=2 final_nodes=2 parser_updates=2 projection_transitions=2 term_compute=2 cutoff_calls=1 eval_compute=2 eval_green=0 source_map_compute=2 annotation_compute=2
[examples/spikes/minimal_no_shadow_lambda_projection] bench main/trace_replay_benchmark.mbt:286 ("P1.5 whitespace-view/always-changed") ok
time (mean ± σ)         range (min … max) 
  49.73 µs ± 508.00 ns    48.92 µs …  50.37 µs  in 10 ×   2012 runs
Total tests: 1, passed: 1, failed: 0.

===== index=1 name=whitespace-view/eq-cutoff =====
P1.5_METRICS scenario=whitespace-view policy=eq_cutoff operations=1 publications=1 initial_nodes=2 final_nodes=2 parser_updates=2 projection_transitions=2 term_compute=2 cutoff_calls=1 eval_compute=1 eval_green=1 source_map_compute=2 annotation_compute=2
[examples/spikes/minimal_no_shadow_lambda_projection] bench main/trace_replay_benchmark.mbt:291 ("P1.5 whitespace-view/eq-cutoff") ok
time (mean ± σ)         range (min … max) 
  49.53 µs ± 799.08 ns    48.87 µs …  51.13 µs  in 10 ×   2024 runs
Total tests: 1, passed: 1, failed: 0.

===== index=2 name=binding-view/always-changed =====
P1.5_METRICS scenario=binding-view policy=always_changed operations=1 publications=1 initial_nodes=2 final_nodes=2 parser_updates=2 projection_transitions=2 term_compute=2 cutoff_calls=1 eval_compute=2 eval_green=0 source_map_compute=2 annotation_compute=2
[examples/spikes/minimal_no_shadow_lambda_projection] bench main/trace_replay_benchmark.mbt:296 ("P1.5 binding-view/always-changed") ok
time (mean ± σ)         range (min … max) 
  52.58 µs ±   1.53 µs    51.37 µs …  56.54 µs  in 10 ×   1018 runs
Total tests: 1, passed: 1, failed: 0.

===== index=3 name=binding-view/eq-cutoff =====
P1.5_METRICS scenario=binding-view policy=eq_cutoff operations=1 publications=1 initial_nodes=2 final_nodes=2 parser_updates=2 projection_transitions=2 term_compute=2 cutoff_calls=1 eval_compute=2 eval_green=0 source_map_compute=2 annotation_compute=2
[examples/spikes/minimal_no_shadow_lambda_projection] bench main/trace_replay_benchmark.mbt:301 ("P1.5 binding-view/eq-cutoff") ok
time (mean ± σ)         range (min … max) 
  52.57 µs ± 471.72 ns    52.21 µs …  53.50 µs  in 10 ×   1891 runs
Total tests: 1, passed: 1, failed: 0.

===== index=4 name=tail-definition-operations/always-changed =====
P1.5_METRICS scenario=tail-definition-operations policy=always_changed operations=2 publications=2 initial_nodes=8 final_nodes=8 parser_updates=3 projection_transitions=3 term_compute=2 cutoff_calls=1 eval_compute=2 eval_green=0 source_map_compute=2 annotation_compute=2
[examples/spikes/minimal_no_shadow_lambda_projection] bench main/trace_replay_benchmark.mbt:306 ("P1.5 tail-definition-operations/always-changed") ok
time (mean ± σ)         range (min … max) 
 135.65 µs ±   1.51 µs   133.93 µs … 139.22 µs  in 10 ×    743 runs
Total tests: 1, passed: 1, failed: 0.

===== index=5 name=tail-definition-operations/eq-cutoff =====
P1.5_METRICS scenario=tail-definition-operations policy=eq_cutoff operations=2 publications=2 initial_nodes=8 final_nodes=8 parser_updates=3 projection_transitions=3 term_compute=2 cutoff_calls=1 eval_compute=2 eval_green=0 source_map_compute=2 annotation_compute=2
[examples/spikes/minimal_no_shadow_lambda_projection] bench main/trace_replay_benchmark.mbt:311 ("P1.5 tail-definition-operations/eq-cutoff") ok
time (mean ± σ)         range (min … max) 
 136.11 µs ±   1.81 µs   134.76 µs … 141.02 µs  in 10 ×    739 runs
Total tests: 1, passed: 1, failed: 0.

===== index=6 name=expression-source-map-operations/always-changed =====
P1.5_METRICS scenario=expression-source-map-operations policy=always_changed operations=4 publications=2 initial_nodes=1 final_nodes=1 parser_updates=3 projection_transitions=3 term_compute=0 cutoff_calls=0 eval_compute=0 eval_green=0 source_map_compute=2 annotation_compute=0
[examples/spikes/minimal_no_shadow_lambda_projection] bench main/trace_replay_benchmark.mbt:316 ("P1.5 expression-source-map-operations/always-changed") ok
time (mean ± σ)         range (min … max) 
  24.68 µs ± 152.52 ns    24.47 µs …  24.98 µs  in 10 ×   4016 runs
Total tests: 1, passed: 1, failed: 0.

===== index=7 name=expression-source-map-operations/eq-cutoff =====
P1.5_METRICS scenario=expression-source-map-operations policy=eq_cutoff operations=4 publications=2 initial_nodes=1 final_nodes=1 parser_updates=3 projection_transitions=3 term_compute=0 cutoff_calls=0 eval_compute=0 eval_green=0 source_map_compute=2 annotation_compute=0
[examples/spikes/minimal_no_shadow_lambda_projection] bench main/trace_replay_benchmark.mbt:321 ("P1.5 expression-source-map-operations/eq-cutoff") ok
time (mean ± σ)         range (min … max) 
  24.81 µs ± 183.92 ns    24.49 µs …  25.08 µs  in 10 ×   4024 runs
Total tests: 1, passed: 1, failed: 0.

===== index=0 name=whitespace-view/always-changed =====
P1.5_METRICS scenario=whitespace-view policy=always_changed operations=1 publications=1 initial_nodes=2 final_nodes=2 parser_updates=2 projection_transitions=2 term_compute=2 cutoff_calls=1 eval_compute=2 eval_green=0 source_map_compute=2 annotation_compute=2
[examples/spikes/minimal_no_shadow_lambda_projection] bench main/trace_replay_benchmark.mbt:286 ("P1.5 whitespace-view/always-changed") ok
time (mean ± σ)         range (min … max) 
  47.91 µs ± 142.28 ns    47.74 µs …  48.20 µs  in 10 ×   2108 runs
Total tests: 1, passed: 1, failed: 0.

===== index=1 name=whitespace-view/eq-cutoff =====
P1.5_METRICS scenario=whitespace-view policy=eq_cutoff operations=1 publications=1 initial_nodes=2 final_nodes=2 parser_updates=2 projection_transitions=2 term_compute=2 cutoff_calls=1 eval_compute=1 eval_green=1 source_map_compute=2 annotation_compute=2
[examples/spikes/minimal_no_shadow_lambda_projection] bench main/trace_replay_benchmark.mbt:291 ("P1.5 whitespace-view/eq-cutoff") ok
time (mean ± σ)         range (min … max) 
  47.80 µs ± 848.09 ns    47.15 µs …  50.04 µs  in 10 ×   2100 runs
Total tests: 1, passed: 1, failed: 0.

===== index=1 name=whitespace-view/eq-cutoff =====
P1.5_METRICS scenario=whitespace-view policy=eq_cutoff operations=1 publications=1 initial_nodes=2 final_nodes=2 parser_updates=2 projection_transitions=2 term_compute=2 cutoff_calls=1 eval_compute=1 eval_green=1 source_map_compute=2 annotation_compute=2
[examples/spikes/minimal_no_shadow_lambda_projection] bench main/trace_replay_benchmark.mbt:291 ("P1.5 whitespace-view/eq-cutoff") ok
time (mean ± σ)         range (min … max) 
  47.08 µs ± 301.05 ns    46.79 µs …  47.75 µs  in 10 ×   2145 runs
Total tests: 1, passed: 1, failed: 0.

===== index=0 name=whitespace-view/always-changed =====
P1.5_METRICS scenario=whitespace-view policy=always_changed operations=1 publications=1 initial_nodes=2 final_nodes=2 parser_updates=2 projection_transitions=2 term_compute=2 cutoff_calls=1 eval_compute=2 eval_green=0 source_map_compute=2 annotation_compute=2
[examples/spikes/minimal_no_shadow_lambda_projection] bench main/trace_replay_benchmark.mbt:286 ("P1.5 whitespace-view/always-changed") ok
time (mean ± σ)         range (min … max) 
  47.14 µs ± 244.51 ns    46.74 µs …  47.49 µs  in 10 ×   2117 runs
Total tests: 1, passed: 1, failed: 0.

===== index=2 name=binding-view/always-changed =====
P1.5_METRICS scenario=binding-view policy=always_changed operations=1 publications=1 initial_nodes=2 final_nodes=2 parser_updates=2 projection_transitions=2 term_compute=2 cutoff_calls=1 eval_compute=2 eval_green=0 source_map_compute=2 annotation_compute=2
[examples/spikes/minimal_no_shadow_lambda_projection] bench main/trace_replay_benchmark.mbt:296 ("P1.5 binding-view/always-changed") ok
time (mean ± σ)         range (min … max) 
  53.90 µs ± 426.79 ns    53.49 µs …  54.85 µs  in 10 ×   1887 runs
Total tests: 1, passed: 1, failed: 0.

===== index=3 name=binding-view/eq-cutoff =====
P1.5_METRICS scenario=binding-view policy=eq_cutoff operations=1 publications=1 initial_nodes=2 final_nodes=2 parser_updates=2 projection_transitions=2 term_compute=2 cutoff_calls=1 eval_compute=2 eval_green=0 source_map_compute=2 annotation_compute=2
[examples/spikes/minimal_no_shadow_lambda_projection] bench main/trace_replay_benchmark.mbt:301 ("P1.5 binding-view/eq-cutoff") ok
time (mean ± σ)         range (min … max) 
  53.69 µs ± 799.91 ns    52.68 µs …  54.64 µs  in 10 ×   1852 runs
Total tests: 1, passed: 1, failed: 0.

===== index=3 name=binding-view/eq-cutoff =====
P1.5_METRICS scenario=binding-view policy=eq_cutoff operations=1 publications=1 initial_nodes=2 final_nodes=2 parser_updates=2 projection_transitions=2 term_compute=2 cutoff_calls=1 eval_compute=2 eval_green=0 source_map_compute=2 annotation_compute=2
[examples/spikes/minimal_no_shadow_lambda_projection] bench main/trace_replay_benchmark.mbt:301 ("P1.5 binding-view/eq-cutoff") ok
time (mean ± σ)         range (min … max) 
  57.47 µs ±   5.38 µs    53.85 µs …  71.03 µs  in 10 ×   1779 runs
Total tests: 1, passed: 1, failed: 0.

===== index=2 name=binding-view/always-changed =====
P1.5_METRICS scenario=binding-view policy=always_changed operations=1 publications=1 initial_nodes=2 final_nodes=2 parser_updates=2 projection_transitions=2 term_compute=2 cutoff_calls=1 eval_compute=2 eval_green=0 source_map_compute=2 annotation_compute=2
[examples/spikes/minimal_no_shadow_lambda_projection] bench main/trace_replay_benchmark.mbt:296 ("P1.5 binding-view/always-changed") ok
time (mean ± σ)         range (min … max) 
  53.77 µs ± 243.92 ns    53.40 µs …  54.10 µs  in 10 ×   1868 runs
Total tests: 1, passed: 1, failed: 0.

===== index=4 name=tail-definition-operations/always-changed =====
P1.5_METRICS scenario=tail-definition-operations policy=always_changed operations=2 publications=2 initial_nodes=8 final_nodes=8 parser_updates=3 projection_transitions=3 term_compute=2 cutoff_calls=1 eval_compute=2 eval_green=0 source_map_compute=2 annotation_compute=2
[examples/spikes/minimal_no_shadow_lambda_projection] bench main/trace_replay_benchmark.mbt:306 ("P1.5 tail-definition-operations/always-changed") ok
time (mean ± σ)         range (min … max) 
 155.07 µs ±  47.06 µs   131.40 µs … 245.36 µs  in 10 ×    742 runs
Total tests: 1, passed: 1, failed: 0.

===== index=5 name=tail-definition-operations/eq-cutoff =====
P1.5_METRICS scenario=tail-definition-operations policy=eq_cutoff operations=2 publications=2 initial_nodes=8 final_nodes=8 parser_updates=3 projection_transitions=3 term_compute=2 cutoff_calls=1 eval_compute=2 eval_green=0 source_map_compute=2 annotation_compute=2
[examples/spikes/minimal_no_shadow_lambda_projection] bench main/trace_replay_benchmark.mbt:311 ("P1.5 tail-definition-operations/eq-cutoff") ok
time (mean ± σ)         range (min … max) 
 132.68 µs ±   1.24 µs   131.34 µs … 135.20 µs  in 10 ×    764 runs
Total tests: 1, passed: 1, failed: 0.

===== index=5 name=tail-definition-operations/eq-cutoff =====
P1.5_METRICS scenario=tail-definition-operations policy=eq_cutoff operations=2 publications=2 initial_nodes=8 final_nodes=8 parser_updates=3 projection_transitions=3 term_compute=2 cutoff_calls=1 eval_compute=2 eval_green=0 source_map_compute=2 annotation_compute=2
[examples/spikes/minimal_no_shadow_lambda_projection] bench main/trace_replay_benchmark.mbt:311 ("P1.5 tail-definition-operations/eq-cutoff") ok
time (mean ± σ)         range (min … max) 
 137.03 µs ±  10.36 µs   131.61 µs … 164.93 µs  in 10 ×    755 runs
Total tests: 1, passed: 1, failed: 0.

===== index=4 name=tail-definition-operations/always-changed =====
P1.5_METRICS scenario=tail-definition-operations policy=always_changed operations=2 publications=2 initial_nodes=8 final_nodes=8 parser_updates=3 projection_transitions=3 term_compute=2 cutoff_calls=1 eval_compute=2 eval_green=0 source_map_compute=2 annotation_compute=2
[examples/spikes/minimal_no_shadow_lambda_projection] bench main/trace_replay_benchmark.mbt:306 ("P1.5 tail-definition-operations/always-changed") ok
time (mean ± σ)         range (min … max) 
 132.68 µs ±   1.99 µs   131.48 µs … 138.26 µs  in 10 ×    757 runs
Total tests: 1, passed: 1, failed: 0.

===== index=6 name=expression-source-map-operations/always-changed =====
P1.5_METRICS scenario=expression-source-map-operations policy=always_changed operations=4 publications=2 initial_nodes=1 final_nodes=1 parser_updates=3 projection_transitions=3 term_compute=0 cutoff_calls=0 eval_compute=0 eval_green=0 source_map_compute=2 annotation_compute=0
[examples/spikes/minimal_no_shadow_lambda_projection] bench main/trace_replay_benchmark.mbt:316 ("P1.5 expression-source-map-operations/always-changed") ok
time (mean ± σ)         range (min … max) 
  25.04 µs ± 196.14 ns    24.73 µs …  25.35 µs  in 10 ×   4000 runs
Total tests: 1, passed: 1, failed: 0.

===== index=7 name=expression-source-map-operations/eq-cutoff =====
P1.5_METRICS scenario=expression-source-map-operations policy=eq_cutoff operations=4 publications=2 initial_nodes=1 final_nodes=1 parser_updates=3 projection_transitions=3 term_compute=0 cutoff_calls=0 eval_compute=0 eval_green=0 source_map_compute=2 annotation_compute=0
[examples/spikes/minimal_no_shadow_lambda_projection] bench main/trace_replay_benchmark.mbt:321 ("P1.5 expression-source-map-operations/eq-cutoff") ok
time (mean ± σ)         range (min … max) 
  24.71 µs ± 292.58 ns    24.45 µs …  25.40 µs  in 10 ×   4031 runs
Total tests: 1, passed: 1, failed: 0.

===== index=7 name=expression-source-map-operations/eq-cutoff =====
P1.5_METRICS scenario=expression-source-map-operations policy=eq_cutoff operations=4 publications=2 initial_nodes=1 final_nodes=1 parser_updates=3 projection_transitions=3 term_compute=0 cutoff_calls=0 eval_compute=0 eval_green=0 source_map_compute=2 annotation_compute=0
[examples/spikes/minimal_no_shadow_lambda_projection] bench main/trace_replay_benchmark.mbt:321 ("P1.5 expression-source-map-operations/eq-cutoff") ok
time (mean ± σ)         range (min … max) 
  24.41 µs ± 153.12 ns    24.25 µs …  24.74 µs  in 10 ×   4069 runs
Total tests: 1, passed: 1, failed: 0.

===== index=6 name=expression-source-map-operations/always-changed =====
P1.5_METRICS scenario=expression-source-map-operations policy=always_changed operations=4 publications=2 initial_nodes=1 final_nodes=1 parser_updates=3 projection_transitions=3 term_compute=0 cutoff_calls=0 eval_compute=0 eval_green=0 source_map_compute=2 annotation_compute=0
[examples/spikes/minimal_no_shadow_lambda_projection] bench main/trace_replay_benchmark.mbt:316 ("P1.5 expression-source-map-operations/always-changed") ok
time (mean ± σ)         range (min … max) 
  24.63 µs ± 240.02 ns    24.38 µs …  25.03 µs  in 10 ×   3988 runs
Total tests: 1, passed: 1, failed: 0.

===== index=1 name=whitespace-view/eq-cutoff =====
P1.5_METRICS scenario=whitespace-view policy=eq_cutoff operations=1 publications=1 initial_nodes=2 final_nodes=2 parser_updates=2 projection_transitions=2 term_compute=2 cutoff_calls=1 eval_compute=1 eval_green=1 source_map_compute=2 annotation_compute=2
[examples/spikes/minimal_no_shadow_lambda_projection] bench main/trace_replay_benchmark.mbt:291 ("P1.5 whitespace-view/eq-cutoff") ok
time (mean ± σ)         range (min … max) 
  48.95 µs ±   1.56 µs    47.07 µs …  51.85 µs  in 10 ×   1950 runs
Total tests: 1, passed: 1, failed: 0.

===== index=0 name=whitespace-view/always-changed =====
P1.5_METRICS scenario=whitespace-view policy=always_changed operations=1 publications=1 initial_nodes=2 final_nodes=2 parser_updates=2 projection_transitions=2 term_compute=2 cutoff_calls=1 eval_compute=2 eval_green=0 source_map_compute=2 annotation_compute=2
[examples/spikes/minimal_no_shadow_lambda_projection] bench main/trace_replay_benchmark.mbt:286 ("P1.5 whitespace-view/always-changed") ok
time (mean ± σ)         range (min … max) 
  51.04 µs ±   2.01 µs    49.37 µs …  55.00 µs  in 10 ×   1975 runs
Total tests: 1, passed: 1, failed: 0.

===== index=0 name=whitespace-view/always-changed =====
P1.5_METRICS scenario=whitespace-view policy=always_changed operations=1 publications=1 initial_nodes=2 final_nodes=2 parser_updates=2 projection_transitions=2 term_compute=2 cutoff_calls=1 eval_compute=2 eval_green=0 source_map_compute=2 annotation_compute=2
[examples/spikes/minimal_no_shadow_lambda_projection] bench main/trace_replay_benchmark.mbt:286 ("P1.5 whitespace-view/always-changed") ok
time (mean ± σ)         range (min … max) 
  49.25 µs ± 526.59 ns    48.38 µs …  49.89 µs  in 10 ×   1924 runs
Total tests: 1, passed: 1, failed: 0.

===== index=1 name=whitespace-view/eq-cutoff =====
P1.5_METRICS scenario=whitespace-view policy=eq_cutoff operations=1 publications=1 initial_nodes=2 final_nodes=2 parser_updates=2 projection_transitions=2 term_compute=2 cutoff_calls=1 eval_compute=1 eval_green=1 source_map_compute=2 annotation_compute=2
[examples/spikes/minimal_no_shadow_lambda_projection] bench main/trace_replay_benchmark.mbt:291 ("P1.5 whitespace-view/eq-cutoff") ok
time (mean ± σ)         range (min … max) 
  47.65 µs ± 556.68 ns    46.89 µs …  48.83 µs  in 10 ×   1401 runs
Total tests: 1, passed: 1, failed: 0.

===== index=3 name=binding-view/eq-cutoff =====
P1.5_METRICS scenario=binding-view policy=eq_cutoff operations=1 publications=1 initial_nodes=2 final_nodes=2 parser_updates=2 projection_transitions=2 term_compute=2 cutoff_calls=1 eval_compute=2 eval_green=0 source_map_compute=2 annotation_compute=2
[examples/spikes/minimal_no_shadow_lambda_projection] bench main/trace_replay_benchmark.mbt:301 ("P1.5 binding-view/eq-cutoff") ok
time (mean ± σ)         range (min … max) 
  52.45 µs ± 546.83 ns    51.85 µs …  53.28 µs  in 10 ×   1938 runs
Total tests: 1, passed: 1, failed: 0.

===== index=2 name=binding-view/always-changed =====
P1.5_METRICS scenario=binding-view policy=always_changed operations=1 publications=1 initial_nodes=2 final_nodes=2 parser_updates=2 projection_transitions=2 term_compute=2 cutoff_calls=1 eval_compute=2 eval_green=0 source_map_compute=2 annotation_compute=2
[examples/spikes/minimal_no_shadow_lambda_projection] bench main/trace_replay_benchmark.mbt:296 ("P1.5 binding-view/always-changed") ok
time (mean ± σ)         range (min … max) 
  54.59 µs ±   5.54 µs    51.66 µs …  68.89 µs  in 10 ×   1875 runs
Total tests: 1, passed: 1, failed: 0.

===== index=2 name=binding-view/always-changed =====
P1.5_METRICS scenario=binding-view policy=always_changed operations=1 publications=1 initial_nodes=2 final_nodes=2 parser_updates=2 projection_transitions=2 term_compute=2 cutoff_calls=1 eval_compute=2 eval_green=0 source_map_compute=2 annotation_compute=2
[examples/spikes/minimal_no_shadow_lambda_projection] bench main/trace_replay_benchmark.mbt:296 ("P1.5 binding-view/always-changed") ok
time (mean ± σ)         range (min … max) 
  56.93 µs ±   6.92 µs    53.50 µs …  73.95 µs  in 10 ×   1854 runs
Total tests: 1, passed: 1, failed: 0.

===== index=3 name=binding-view/eq-cutoff =====
P1.5_METRICS scenario=binding-view policy=eq_cutoff operations=1 publications=1 initial_nodes=2 final_nodes=2 parser_updates=2 projection_transitions=2 term_compute=2 cutoff_calls=1 eval_compute=2 eval_green=0 source_map_compute=2 annotation_compute=2
[examples/spikes/minimal_no_shadow_lambda_projection] bench main/trace_replay_benchmark.mbt:301 ("P1.5 binding-view/eq-cutoff") ok
time (mean ± σ)         range (min … max) 
  53.92 µs ± 665.78 ns    52.92 µs …  55.17 µs  in 10 ×   1909 runs
Total tests: 1, passed: 1, failed: 0.

===== index=5 name=tail-definition-operations/eq-cutoff =====
P1.5_METRICS scenario=tail-definition-operations policy=eq_cutoff operations=2 publications=2 initial_nodes=8 final_nodes=8 parser_updates=3 projection_transitions=3 term_compute=2 cutoff_calls=1 eval_compute=2 eval_green=0 source_map_compute=2 annotation_compute=2
[examples/spikes/minimal_no_shadow_lambda_projection] bench main/trace_replay_benchmark.mbt:311 ("P1.5 tail-definition-operations/eq-cutoff") ok
time (mean ± σ)         range (min … max) 
 133.39 µs ±   2.99 µs   130.55 µs … 137.79 µs  in 10 ×    740 runs
Total tests: 1, passed: 1, failed: 0.

===== index=4 name=tail-definition-operations/always-changed =====
P1.5_METRICS scenario=tail-definition-operations policy=always_changed operations=2 publications=2 initial_nodes=8 final_nodes=8 parser_updates=3 projection_transitions=3 term_compute=2 cutoff_calls=1 eval_compute=2 eval_green=0 source_map_compute=2 annotation_compute=2
[examples/spikes/minimal_no_shadow_lambda_projection] bench main/trace_replay_benchmark.mbt:306 ("P1.5 tail-definition-operations/always-changed") ok
time (mean ± σ)         range (min … max) 
 135.62 µs ±   5.14 µs   132.30 µs … 149.61 µs  in 10 ×    753 runs
Total tests: 1, passed: 1, failed: 0.

===== index=4 name=tail-definition-operations/always-changed =====
P1.5_METRICS scenario=tail-definition-operations policy=always_changed operations=2 publications=2 initial_nodes=8 final_nodes=8 parser_updates=3 projection_transitions=3 term_compute=2 cutoff_calls=1 eval_compute=2 eval_green=0 source_map_compute=2 annotation_compute=2
[examples/spikes/minimal_no_shadow_lambda_projection] bench main/trace_replay_benchmark.mbt:306 ("P1.5 tail-definition-operations/always-changed") ok
time (mean ± σ)         range (min … max) 
 135.67 µs ±   1.70 µs   134.05 µs … 138.74 µs  in 10 ×    741 runs
Total tests: 1, passed: 1, failed: 0.

===== index=5 name=tail-definition-operations/eq-cutoff =====
P1.5_METRICS scenario=tail-definition-operations policy=eq_cutoff operations=2 publications=2 initial_nodes=8 final_nodes=8 parser_updates=3 projection_transitions=3 term_compute=2 cutoff_calls=1 eval_compute=2 eval_green=0 source_map_compute=2 annotation_compute=2
[examples/spikes/minimal_no_shadow_lambda_projection] bench main/trace_replay_benchmark.mbt:311 ("P1.5 tail-definition-operations/eq-cutoff") ok
time (mean ± σ)         range (min … max) 
 137.43 µs ±   1.79 µs   135.78 µs … 141.31 µs  in 10 ×    731 runs
Total tests: 1, passed: 1, failed: 0.

===== index=7 name=expression-source-map-operations/eq-cutoff =====
P1.5_METRICS scenario=expression-source-map-operations policy=eq_cutoff operations=4 publications=2 initial_nodes=1 final_nodes=1 parser_updates=3 projection_transitions=3 term_compute=0 cutoff_calls=0 eval_compute=0 eval_green=0 source_map_compute=2 annotation_compute=0
[examples/spikes/minimal_no_shadow_lambda_projection] bench main/trace_replay_benchmark.mbt:321 ("P1.5 expression-source-map-operations/eq-cutoff") ok
time (mean ± σ)         range (min … max) 
  25.33 µs ± 194.23 ns    25.13 µs …  25.71 µs  in 10 ×   3945 runs
Total tests: 1, passed: 1, failed: 0.

===== index=6 name=expression-source-map-operations/always-changed =====
P1.5_METRICS scenario=expression-source-map-operations policy=always_changed operations=4 publications=2 initial_nodes=1 final_nodes=1 parser_updates=3 projection_transitions=3 term_compute=0 cutoff_calls=0 eval_compute=0 eval_green=0 source_map_compute=2 annotation_compute=0
[examples/spikes/minimal_no_shadow_lambda_projection] bench main/trace_replay_benchmark.mbt:316 ("P1.5 expression-source-map-operations/always-changed") ok
time (mean ± σ)         range (min … max) 
  25.12 µs ± 141.90 ns    24.94 µs …  25.37 µs  in 10 ×   4015 runs
Total tests: 1, passed: 1, failed: 0.

===== index=6 name=expression-source-map-operations/always-changed =====
P1.5_METRICS scenario=expression-source-map-operations policy=always_changed operations=4 publications=2 initial_nodes=1 final_nodes=1 parser_updates=3 projection_transitions=3 term_compute=0 cutoff_calls=0 eval_compute=0 eval_green=0 source_map_compute=2 annotation_compute=0
[examples/spikes/minimal_no_shadow_lambda_projection] bench main/trace_replay_benchmark.mbt:316 ("P1.5 expression-source-map-operations/always-changed") ok
time (mean ± σ)         range (min … max) 
  24.60 µs ± 229.27 ns    24.25 µs …  24.90 µs  in 10 ×   3993 runs
Total tests: 1, passed: 1, failed: 0.

===== index=7 name=expression-source-map-operations/eq-cutoff =====
P1.5_METRICS scenario=expression-source-map-operations policy=eq_cutoff operations=4 publications=2 initial_nodes=1 final_nodes=1 parser_updates=3 projection_transitions=3 term_compute=0 cutoff_calls=0 eval_compute=0 eval_green=0 source_map_compute=2 annotation_compute=0
[examples/spikes/minimal_no_shadow_lambda_projection] bench main/trace_replay_benchmark.mbt:321 ("P1.5 expression-source-map-operations/eq-cutoff") ok
time (mean ± σ)         range (min … max) 
  24.57 µs ±  83.79 ns    24.46 µs …  24.71 µs  in 10 ×   4072 runs
Total tests: 1, passed: 1, failed: 0.

===== index=0 name=whitespace-view/always-changed =====
P1.5_METRICS scenario=whitespace-view policy=always_changed operations=1 publications=1 initial_nodes=2 final_nodes=2 parser_updates=2 projection_transitions=2 term_compute=2 cutoff_calls=1 eval_compute=2 eval_green=0 source_map_compute=2 annotation_compute=2
[examples/spikes/minimal_no_shadow_lambda_projection] bench main/trace_replay_benchmark.mbt:286 ("P1.5 whitespace-view/always-changed") ok
time (mean ± σ)         range (min … max) 
  59.87 µs ±  17.94 µs    47.52 µs …  91.32 µs  in 10 ×   2108 runs
Total tests: 1, passed: 1, failed: 0.

===== index=1 name=whitespace-view/eq-cutoff =====
P1.5_METRICS scenario=whitespace-view policy=eq_cutoff operations=1 publications=1 initial_nodes=2 final_nodes=2 parser_updates=2 projection_transitions=2 term_compute=2 cutoff_calls=1 eval_compute=1 eval_green=1 source_map_compute=2 annotation_compute=2
[examples/spikes/minimal_no_shadow_lambda_projection] bench main/trace_replay_benchmark.mbt:291 ("P1.5 whitespace-view/eq-cutoff") ok
time (mean ± σ)         range (min … max) 
  48.19 µs ± 228.46 ns    47.84 µs …  48.59 µs  in 10 ×   2054 runs
Total tests: 1, passed: 1, failed: 0.

===== index=1 name=whitespace-view/eq-cutoff =====
P1.5_METRICS scenario=whitespace-view policy=eq_cutoff operations=1 publications=1 initial_nodes=2 final_nodes=2 parser_updates=2 projection_transitions=2 term_compute=2 cutoff_calls=1 eval_compute=1 eval_green=1 source_map_compute=2 annotation_compute=2
[examples/spikes/minimal_no_shadow_lambda_projection] bench main/trace_replay_benchmark.mbt:291 ("P1.5 whitespace-view/eq-cutoff") ok
time (mean ± σ)         range (min … max) 
  47.92 µs ± 351.48 ns    47.55 µs …  48.65 µs  in 10 ×   2085 runs
Total tests: 1, passed: 1, failed: 0.

===== index=0 name=whitespace-view/always-changed =====
P1.5_METRICS scenario=whitespace-view policy=always_changed operations=1 publications=1 initial_nodes=2 final_nodes=2 parser_updates=2 projection_transitions=2 term_compute=2 cutoff_calls=1 eval_compute=2 eval_green=0 source_map_compute=2 annotation_compute=2
[examples/spikes/minimal_no_shadow_lambda_projection] bench main/trace_replay_benchmark.mbt:286 ("P1.5 whitespace-view/always-changed") ok
time (mean ± σ)         range (min … max) 
  47.59 µs ± 384.25 ns    47.07 µs …  48.07 µs  in 10 ×   2131 runs
Total tests: 1, passed: 1, failed: 0.

===== index=2 name=binding-view/always-changed =====
P1.5_METRICS scenario=binding-view policy=always_changed operations=1 publications=1 initial_nodes=2 final_nodes=2 parser_updates=2 projection_transitions=2 term_compute=2 cutoff_calls=1 eval_compute=2 eval_green=0 source_map_compute=2 annotation_compute=2
[examples/spikes/minimal_no_shadow_lambda_projection] bench main/trace_replay_benchmark.mbt:296 ("P1.5 binding-view/always-changed") ok
time (mean ± σ)         range (min … max) 
  54.29 µs ±   4.67 µs    52.12 µs …  67.53 µs  in 10 ×   1923 runs
Total tests: 1, passed: 1, failed: 0.

===== index=3 name=binding-view/eq-cutoff =====
P1.5_METRICS scenario=binding-view policy=eq_cutoff operations=1 publications=1 initial_nodes=2 final_nodes=2 parser_updates=2 projection_transitions=2 term_compute=2 cutoff_calls=1 eval_compute=2 eval_green=0 source_map_compute=2 annotation_compute=2
[examples/spikes/minimal_no_shadow_lambda_projection] bench main/trace_replay_benchmark.mbt:301 ("P1.5 binding-view/eq-cutoff") ok
time (mean ± σ)         range (min … max) 
  57.49 µs ±   7.95 µs    52.29 µs …  77.46 µs  in 10 ×   1849 runs
Total tests: 1, passed: 1, failed: 0.

===== index=3 name=binding-view/eq-cutoff =====
P1.5_METRICS scenario=binding-view policy=eq_cutoff operations=1 publications=1 initial_nodes=2 final_nodes=2 parser_updates=2 projection_transitions=2 term_compute=2 cutoff_calls=1 eval_compute=2 eval_green=0 source_map_compute=2 annotation_compute=2
[examples/spikes/minimal_no_shadow_lambda_projection] bench main/trace_replay_benchmark.mbt:301 ("P1.5 binding-view/eq-cutoff") ok
time (mean ± σ)         range (min … max) 
  66.33 µs ±  21.73 µs    52.37 µs …  98.70 µs  in 10 ×   1076 runs
Total tests: 1, passed: 1, failed: 0.

===== index=2 name=binding-view/always-changed =====
P1.5_METRICS scenario=binding-view policy=always_changed operations=1 publications=1 initial_nodes=2 final_nodes=2 parser_updates=2 projection_transitions=2 term_compute=2 cutoff_calls=1 eval_compute=2 eval_green=0 source_map_compute=2 annotation_compute=2
[examples/spikes/minimal_no_shadow_lambda_projection] bench main/trace_replay_benchmark.mbt:296 ("P1.5 binding-view/always-changed") ok
time (mean ± σ)         range (min … max) 
  57.80 µs ±   2.61 µs    55.01 µs …  62.14 µs  in 10 ×   1824 runs
Total tests: 1, passed: 1, failed: 0.

===== index=4 name=tail-definition-operations/always-changed =====
P1.5_METRICS scenario=tail-definition-operations policy=always_changed operations=2 publications=2 initial_nodes=8 final_nodes=8 parser_updates=3 projection_transitions=3 term_compute=2 cutoff_calls=1 eval_compute=2 eval_green=0 source_map_compute=2 annotation_compute=2
[examples/spikes/minimal_no_shadow_lambda_projection] bench main/trace_replay_benchmark.mbt:306 ("P1.5 tail-definition-operations/always-changed") ok
time (mean ± σ)         range (min … max) 
 137.96 µs ±   2.40 µs   135.11 µs … 141.35 µs  in 10 ×    705 runs
Total tests: 1, passed: 1, failed: 0.

===== index=5 name=tail-definition-operations/eq-cutoff =====
P1.5_METRICS scenario=tail-definition-operations policy=eq_cutoff operations=2 publications=2 initial_nodes=8 final_nodes=8 parser_updates=3 projection_transitions=3 term_compute=2 cutoff_calls=1 eval_compute=2 eval_green=0 source_map_compute=2 annotation_compute=2
[examples/spikes/minimal_no_shadow_lambda_projection] bench main/trace_replay_benchmark.mbt:311 ("P1.5 tail-definition-operations/eq-cutoff") ok
time (mean ± σ)         range (min … max) 
 147.68 µs ±   8.40 µs   140.46 µs … 162.78 µs  in 10 ×    714 runs
Total tests: 1, passed: 1, failed: 0.

===== index=5 name=tail-definition-operations/eq-cutoff =====
P1.5_METRICS scenario=tail-definition-operations policy=eq_cutoff operations=2 publications=2 initial_nodes=8 final_nodes=8 parser_updates=3 projection_transitions=3 term_compute=2 cutoff_calls=1 eval_compute=2 eval_green=0 source_map_compute=2 annotation_compute=2
[examples/spikes/minimal_no_shadow_lambda_projection] bench main/trace_replay_benchmark.mbt:311 ("P1.5 tail-definition-operations/eq-cutoff") ok
time (mean ± σ)         range (min … max) 
 146.79 µs ±  10.84 µs   138.19 µs … 172.14 µs  in 10 ×    685 runs
Total tests: 1, passed: 1, failed: 0.

===== index=4 name=tail-definition-operations/always-changed =====
P1.5_METRICS scenario=tail-definition-operations policy=always_changed operations=2 publications=2 initial_nodes=8 final_nodes=8 parser_updates=3 projection_transitions=3 term_compute=2 cutoff_calls=1 eval_compute=2 eval_green=0 source_map_compute=2 annotation_compute=2
[examples/spikes/minimal_no_shadow_lambda_projection] bench main/trace_replay_benchmark.mbt:306 ("P1.5 tail-definition-operations/always-changed") ok
time (mean ± σ)         range (min … max) 
 153.21 µs ±  23.38 µs   137.53 µs … 206.24 µs  in 10 ×    685 runs
Total tests: 1, passed: 1, failed: 0.

===== index=6 name=expression-source-map-operations/always-changed =====
P1.5_METRICS scenario=expression-source-map-operations policy=always_changed operations=4 publications=2 initial_nodes=1 final_nodes=1 parser_updates=3 projection_transitions=3 term_compute=0 cutoff_calls=0 eval_compute=0 eval_green=0 source_map_compute=2 annotation_compute=0
[examples/spikes/minimal_no_shadow_lambda_projection] bench main/trace_replay_benchmark.mbt:316 ("P1.5 expression-source-map-operations/always-changed") ok
time (mean ± σ)         range (min … max) 
  27.17 µs ± 711.64 ns    25.93 µs …  28.17 µs  in 10 ×   3720 runs
Total tests: 1, passed: 1, failed: 0.

===== index=7 name=expression-source-map-operations/eq-cutoff =====
P1.5_METRICS scenario=expression-source-map-operations policy=eq_cutoff operations=4 publications=2 initial_nodes=1 final_nodes=1 parser_updates=3 projection_transitions=3 term_compute=0 cutoff_calls=0 eval_compute=0 eval_green=0 source_map_compute=2 annotation_compute=0
[examples/spikes/minimal_no_shadow_lambda_projection] bench main/trace_replay_benchmark.mbt:321 ("P1.5 expression-source-map-operations/eq-cutoff") ok
time (mean ± σ)         range (min … max) 
  26.99 µs ±   1.50 µs    24.71 µs …  29.28 µs  in 10 ×   3891 runs
Total tests: 1, passed: 1, failed: 0.

===== index=7 name=expression-source-map-operations/eq-cutoff =====
P1.5_METRICS scenario=expression-source-map-operations policy=eq_cutoff operations=4 publications=2 initial_nodes=1 final_nodes=1 parser_updates=3 projection_transitions=3 term_compute=0 cutoff_calls=0 eval_compute=0 eval_green=0 source_map_compute=2 annotation_compute=0
[examples/spikes/minimal_no_shadow_lambda_projection] bench main/trace_replay_benchmark.mbt:321 ("P1.5 expression-source-map-operations/eq-cutoff") ok
time (mean ± σ)         range (min … max) 
  26.64 µs ±   1.22 µs    25.71 µs …  29.65 µs  in 10 ×   3296 runs
Total tests: 1, passed: 1, failed: 0.

===== index=6 name=expression-source-map-operations/always-changed =====
P1.5_METRICS scenario=expression-source-map-operations policy=always_changed operations=4 publications=2 initial_nodes=1 final_nodes=1 parser_updates=3 projection_transitions=3 term_compute=0 cutoff_calls=0 eval_compute=0 eval_green=0 source_map_compute=2 annotation_compute=0
[examples/spikes/minimal_no_shadow_lambda_projection] bench main/trace_replay_benchmark.mbt:316 ("P1.5 expression-source-map-operations/always-changed") ok
time (mean ± σ)         range (min … max) 
  34.11 µs ±   8.70 µs    25.91 µs …  45.98 µs  in 10 ×   2415 runs
Total tests: 1, passed: 1, failed: 0.
