
> test
> node ./run-standalone-tests.mjs

Loomark standalone output at http://127.0.0.1:4347

Running 56 tests using 1 worker

  ✓   1 tests/standalone.spec.ts:506:1 › Export downloads the current Document text with its Derived name (266ms)
  ✓   2 tests/standalone.spec.ts:524:1 › Import activates, saves, and reopens normalized text (278ms)
  ✓   3 tests/standalone.spec.ts:541:1 › importing the same file twice creates two Documents (187ms)
  ✓   4 tests/standalone.spec.ts:552:1 › Import rejects malformed UTF-8 without creating a Source (169ms)
  ✓   5 tests/standalone.spec.ts:564:1 › fresh production opens Text mode and preserves its textarea and undo history across modes (1.3s)
  ✓   6 tests/standalone.spec.ts:637:1 › first edit reports quota full without creating a Source (465ms)
  ✓   7 tests/standalone.spec.ts:649:1 › opening and saving persist only authoritative Source records (979ms)
  ✓   8 tests/standalone.spec.ts:669:1 › several Sources select the first lexical Document ID (1.3s)
  ✓   9 tests/standalone.spec.ts:723:1 › document leads distinguish matching headings and update after quiet (1.4s)
  ✓  10 tests/standalone.spec.ts:754:1 › instrumented compiled lead graph suppresses hidden and presentation-only extraction (2.4s)
  ✓  11 tests/standalone.spec.ts:809:1 › startup is read-only and restores an accepted Editing Document (609ms)
  ✓  12 tests/standalone.spec.ts:829:1 › a non-string Editing Document is equivalent to no Editing Document (566ms)
  ✓  13 tests/standalone.spec.ts:843:1 › Document Sidebar switches saved Sources A to B to A without cross-document undo (1.4s)
  ✓  14 tests/standalone.spec.ts:891:1 › Editing Document writes are last-invocation-wins (1.6s)
  ✓  15 tests/standalone.spec.ts:920:1 › remember failure cannot affect editing or Source recovery (749ms)
  ✓  16 tests/standalone.spec.ts:944:1 › New stays ephemeral and its first Source save is not remembered (1.3s)
  ✓  17 tests/standalone.spec.ts:1003:1 › Delete document removes a non-active Source without moving the editor (791ms)
  ✓  18 tests/standalone.spec.ts:1029:1 › Delete document activates and remembers the newest fallback (859ms)
  ✓  19 tests/standalone.spec.ts:1057:1 › Delete document cancellation preserves the Source and editor (792ms)
  ✓  20 tests/standalone.spec.ts:1080:1 › final Delete leaves an empty New with a live Split Preview (1.1s)
  ✓  21 tests/standalone.spec.ts:1099:1 › leaving untouched New removes its temporary row without saving it (772ms)
  ✓  22 tests/standalone.spec.ts:1117:1 › Document control icons remain rendered (827ms)
  ✓  23 tests/standalone.spec.ts:1132:1 › Document controls remain accessible without horizontal overflow at 390 px (576ms)
  ✓  24 tests/standalone.spec.ts:1149:1 › Document switch does not wait for the active Source to save (1.1s)
  ✓  25 tests/standalone.spec.ts:1172:1 › legacy active record migrates atomically and is removed (617ms)
  ✓  26 tests/standalone.spec.ts:1185:1 › legacy collision preserves both records and opens a fresh baseline (592ms)
  ✓  27 tests/standalone.spec.ts:1202:1 › legacy migration failure rolls back the Source put and preserves active (589ms)
  ✓  28 tests/standalone.spec.ts:1227:1 › unknown metadata is preserved and cannot override a Source (583ms)
IndexedDB scan 10 Sources median: 1.300 ms
IndexedDB scan 100 Sources median: 2.600 ms
IndexedDB scan 1000 Sources median: 11.200 ms
  ✓  29 tests/standalone.spec.ts:1244:1 › IndexedDB cursor scan measures 10, 100, and 1000 Source records (724ms)
IndexedDB put small Source median: 0.400 ms
IndexedDB put 1 MiB Source median: 2.200 ms
  ✓  30 tests/standalone.spec.ts:1276:1 › IndexedDB Source put measures small and 1 MiB records (829ms)
  ✓  31 tests/standalone.spec.ts:1301:1 › Preview prepares after its status paints and refreshes typed Markdown (542ms)
  ✓  32 tests/standalone.spec.ts:1360:1 › Preview keeps incomplete Markdown literal without parser chrome (444ms)
  ✓  33 tests/standalone.spec.ts:1381:1 › Tailwind Typography and utilities preserve the Loomark shell and reading measure (633ms)
  ✓  34 tests/standalone.spec.ts:1450:1 › RUI mode tabs activate with roving keyboard focus (218ms)
  ✓  35 tests/standalone.spec.ts:1484:1 › Split uses RUI keyboard resizing and preserves textarea across orientation (355ms)
  ✓  36 tests/standalone.spec.ts:1543:1 › Example documents immediately replace the active Document (854ms)
  ✓  37 tests/standalone.spec.ts:1582:1 › Split keeps Text and Preview independently scrollable (413ms)
  ✓  38 tests/standalone.spec.ts:1634:1 › quiet Autosave restores exact Saved text after reload (952ms)
  ✓  39 tests/standalone.spec.ts:1654:1 › exact acknowledged revert gets a fresh persistence order (2.8s)
  ✓  40 tests/standalone.spec.ts:1684:1 › equal-text ABA still receives a fresh persistence order (1.0s)
  ✓  41 tests/standalone.spec.ts:1721:1 › large input during an active save coalesces to the latest text (2.9s)
  ✓  42 tests/standalone.spec.ts:1783:1 › hidden visibility makes pending text eligible before quiet (568ms)
  ✓  43 tests/standalone.spec.ts:1821:1 › rapid Text input writes only the latest text (909ms)
  ✓  44 tests/standalone.spec.ts:1856:1 › IME composition saves only after composition ends (1.2s)
  ✓  45 tests/standalone.spec.ts:1915:1 › no-op IME composition arms no Autosave checkpoint (2.8s)
  ✓  46 tests/standalone.spec.ts:1939:1 › Preview schedules no new work until IME composition commits (505ms)
  ✓  47 tests/standalone.spec.ts:1980:1 › save failure keeps Text editable and Retry saves the latest text (1.3s)
  ✓  48 tests/standalone.spec.ts:2010:1 › failed attempt exact acknowledged revert restores truthful Saved (1.2s)
  ✓  49 tests/standalone.spec.ts:2042:1 › active failure after acknowledged revert restores truthful Saved (1.3s)
  ✓  50 tests/standalone.spec.ts:2085:1 › saving one Source preserves unrelated Sources and unknown metadata (1.1s)
  ✓  51 tests/standalone.spec.ts:2118:1 › valid and corrupt Source records coexist without overwriting corruption (630ms)
  ✓  52 tests/standalone.spec.ts:2133:1 › native range edits avoid complete value access and native undo reads once (619ms)
  ✓  53 tests/standalone.spec.ts:2189:1 › mismatched insertion facts recover from the current textarea value (537ms)
  ✓  54 tests/standalone.spec.ts:2217:1 › Text input stays within 10 ms with per-edit Parser transitions (546ms)
  ✓  55 tests/standalone.spec.ts:2262:1 › Text input processing stays within 10 ms (156ms)
  ✓  56 tests/standalone.spec.ts:2290:1 › 1 MiB exact Saved comparison stays within 10 ms (2.3s)

  56 passed (53.6s)
