
===== index=0 name=small/always-changed whitespace edit + annotation read =====
[examples/spikes/minimal_no_shadow_lambda_projection] bench main/cutoff_benchmark.mbt:190 ("P1.3 small/always-changed whitespace edit + annotation read") ok
time (mean ± σ)         range (min … max) 
  21.45 µs ± 588.75 ns    20.73 µs …  22.76 µs  in 10 ×   4598 runs
Total tests: 1, passed: 1, failed: 0.

===== index=1 name=small/eq-cutoff whitespace edit + annotation read =====
[examples/spikes/minimal_no_shadow_lambda_projection] bench main/cutoff_benchmark.mbt:195 ("P1.3 small/eq-cutoff whitespace edit + annotation read") ok
time (mean ± σ)         range (min … max) 
  19.41 µs ± 349.82 ns    19.06 µs …  19.94 µs  in 10 ×   5132 runs
Total tests: 1, passed: 1, failed: 0.

===== index=3 name=medium/always-changed whitespace edit + annotation read =====
[examples/spikes/minimal_no_shadow_lambda_projection] bench main/cutoff_benchmark.mbt:205 ("P1.3 medium/always-changed whitespace edit + annotation read") ok
time (mean ± σ)         range (min … max) 
 519.30 µs ±  26.50 µs   482.47 µs … 557.95 µs  in 10 ×    189 runs
Total tests: 1, passed: 1, failed: 0.

===== index=2 name=medium/eq-cutoff whitespace edit + annotation read =====
[examples/spikes/minimal_no_shadow_lambda_projection] bench main/cutoff_benchmark.mbt:200 ("P1.3 medium/eq-cutoff whitespace edit + annotation read") ok
time (mean ± σ)         range (min … max) 
 501.77 µs ±  51.57 µs   470.83 µs … 622.49 µs  in 10 ×    197 runs
Total tests: 1, passed: 1, failed: 0.

===== index=4 name=large/always-changed whitespace edit + annotation read =====
[examples/spikes/minimal_no_shadow_lambda_projection] bench main/cutoff_benchmark.mbt:210 ("P1.3 large/always-changed whitespace edit + annotation read") ok
time (mean ± σ)         range (min … max) 
   2.70 ms ± 192.62 µs     2.45 ms …   3.01 ms  in 10 ×     37 runs
Total tests: 1, passed: 1, failed: 0.

===== index=5 name=large/eq-cutoff whitespace edit + annotation read =====
[examples/spikes/minimal_no_shadow_lambda_projection] bench main/cutoff_benchmark.mbt:215 ("P1.3 large/eq-cutoff whitespace edit + annotation read") ok
time (mean ± σ)         range (min … max) 
   2.32 ms ± 142.93 µs     2.17 ms …   2.56 ms  in 10 ×     39 runs
Total tests: 1, passed: 1, failed: 0.

===== index=0 name=small/always-changed whitespace edit + annotation read =====
[examples/spikes/minimal_no_shadow_lambda_projection] bench main/cutoff_benchmark.mbt:190 ("P1.3 small/always-changed whitespace edit + annotation read") ok
time (mean ± σ)         range (min … max) 
  20.68 µs ± 714.93 ns    19.88 µs …  21.86 µs  in 10 ×   4935 runs
Total tests: 1, passed: 1, failed: 0.

===== index=1 name=small/eq-cutoff whitespace edit + annotation read =====
[examples/spikes/minimal_no_shadow_lambda_projection] bench main/cutoff_benchmark.mbt:195 ("P1.3 small/eq-cutoff whitespace edit + annotation read") ok
time (mean ± σ)         range (min … max) 
  19.84 µs ± 603.23 ns    19.10 µs …  20.83 µs  in 10 ×   4963 runs
Total tests: 1, passed: 1, failed: 0.

===== index=1 name=small/eq-cutoff whitespace edit + annotation read =====
[examples/spikes/minimal_no_shadow_lambda_projection] bench main/cutoff_benchmark.mbt:195 ("P1.3 small/eq-cutoff whitespace edit + annotation read") ok
time (mean ± σ)         range (min … max) 
  20.61 µs ± 793.32 ns    19.75 µs …  21.96 µs  in 10 ×   4708 runs
Total tests: 1, passed: 1, failed: 0.

===== index=0 name=small/always-changed whitespace edit + annotation read =====
[examples/spikes/minimal_no_shadow_lambda_projection] bench main/cutoff_benchmark.mbt:190 ("P1.3 small/always-changed whitespace edit + annotation read") ok
time (mean ± σ)         range (min … max) 
  22.29 µs ±   1.72 µs    20.29 µs …  24.54 µs  in 10 ×   4939 runs
Total tests: 1, passed: 1, failed: 0.

===== index=3 name=medium/always-changed whitespace edit + annotation read =====
[examples/spikes/minimal_no_shadow_lambda_projection] bench main/cutoff_benchmark.mbt:205 ("P1.3 medium/always-changed whitespace edit + annotation read") ok
time (mean ± σ)         range (min … max) 
 542.95 µs ±  22.13 µs   512.36 µs … 583.97 µs  in 10 ×    172 runs
Total tests: 1, passed: 1, failed: 0.

===== index=2 name=medium/eq-cutoff whitespace edit + annotation read =====
[examples/spikes/minimal_no_shadow_lambda_projection] bench main/cutoff_benchmark.mbt:200 ("P1.3 medium/eq-cutoff whitespace edit + annotation read") ok
time (mean ± σ)         range (min … max) 
 526.93 µs ±  56.84 µs   474.70 µs … 614.79 µs  in 10 ×    206 runs
Total tests: 1, passed: 1, failed: 0.

===== index=2 name=medium/eq-cutoff whitespace edit + annotation read =====
[examples/spikes/minimal_no_shadow_lambda_projection] bench main/cutoff_benchmark.mbt:200 ("P1.3 medium/eq-cutoff whitespace edit + annotation read") ok
time (mean ± σ)         range (min … max) 
 515.53 µs ±  37.34 µs   476.25 µs … 590.79 µs  in 10 ×    160 runs
Total tests: 1, passed: 1, failed: 0.

===== index=3 name=medium/always-changed whitespace edit + annotation read =====
[examples/spikes/minimal_no_shadow_lambda_projection] bench main/cutoff_benchmark.mbt:205 ("P1.3 medium/always-changed whitespace edit + annotation read") ok
time (mean ± σ)         range (min … max) 
 564.47 µs ±  33.14 µs   527.57 µs … 630.70 µs  in 10 ×    174 runs
Total tests: 1, passed: 1, failed: 0.

===== index=4 name=large/always-changed whitespace edit + annotation read =====
[examples/spikes/minimal_no_shadow_lambda_projection] bench main/cutoff_benchmark.mbt:210 ("P1.3 large/always-changed whitespace edit + annotation read") ok
time (mean ± σ)         range (min … max) 
   2.87 ms ± 168.50 µs     2.62 ms …   3.11 ms  in 10 ×     35 runs
Total tests: 1, passed: 1, failed: 0.

===== index=5 name=large/eq-cutoff whitespace edit + annotation read =====
[examples/spikes/minimal_no_shadow_lambda_projection] bench main/cutoff_benchmark.mbt:215 ("P1.3 large/eq-cutoff whitespace edit + annotation read") ok
time (mean ± σ)         range (min … max) 
   2.50 ms ± 198.22 µs     2.30 ms …   2.88 ms  in 10 ×     44 runs
Total tests: 1, passed: 1, failed: 0.

===== index=5 name=large/eq-cutoff whitespace edit + annotation read =====
[examples/spikes/minimal_no_shadow_lambda_projection] bench main/cutoff_benchmark.mbt:215 ("P1.3 large/eq-cutoff whitespace edit + annotation read") ok
time (mean ± σ)         range (min … max) 
   2.33 ms ±  55.57 µs     2.27 ms …   2.45 ms  in 10 ×     45 runs
Total tests: 1, passed: 1, failed: 0.

===== index=4 name=large/always-changed whitespace edit + annotation read =====
[examples/spikes/minimal_no_shadow_lambda_projection] bench main/cutoff_benchmark.mbt:210 ("P1.3 large/always-changed whitespace edit + annotation read") ok
time (mean ± σ)         range (min … max) 
   2.51 ms ±  75.38 µs     2.41 ms …   2.67 ms  in 10 ×     39 runs
Total tests: 1, passed: 1, failed: 0.

===== index=1 name=small/eq-cutoff whitespace edit + annotation read =====
[examples/spikes/minimal_no_shadow_lambda_projection] bench main/cutoff_benchmark.mbt:195 ("P1.3 small/eq-cutoff whitespace edit + annotation read") ok
time (mean ± σ)         range (min … max) 
  20.32 µs ± 736.09 ns    19.65 µs …  21.78 µs  in 10 ×   5021 runs
Total tests: 1, passed: 1, failed: 0.

===== index=0 name=small/always-changed whitespace edit + annotation read =====
[examples/spikes/minimal_no_shadow_lambda_projection] bench main/cutoff_benchmark.mbt:190 ("P1.3 small/always-changed whitespace edit + annotation read") ok
time (mean ± σ)         range (min … max) 
  21.21 µs ± 639.03 ns    20.69 µs …  22.77 µs  in 10 ×   4898 runs
Total tests: 1, passed: 1, failed: 0.

===== index=0 name=small/always-changed whitespace edit + annotation read =====
[examples/spikes/minimal_no_shadow_lambda_projection] bench main/cutoff_benchmark.mbt:190 ("P1.3 small/always-changed whitespace edit + annotation read") ok
time (mean ± σ)         range (min … max) 
  21.62 µs ± 976.10 ns    20.63 µs …  23.02 µs  in 10 ×   4750 runs
Total tests: 1, passed: 1, failed: 0.

===== index=1 name=small/eq-cutoff whitespace edit + annotation read =====
[examples/spikes/minimal_no_shadow_lambda_projection] bench main/cutoff_benchmark.mbt:195 ("P1.3 small/eq-cutoff whitespace edit + annotation read") ok
time (mean ± σ)         range (min … max) 
  19.55 µs ± 320.40 ns    19.13 µs …  20.08 µs  in 10 ×   4605 runs
Total tests: 1, passed: 1, failed: 0.

===== index=2 name=medium/eq-cutoff whitespace edit + annotation read =====
[examples/spikes/minimal_no_shadow_lambda_projection] bench main/cutoff_benchmark.mbt:200 ("P1.3 medium/eq-cutoff whitespace edit + annotation read") ok
time (mean ± σ)         range (min … max) 
 476.71 µs ±  17.62 µs   463.68 µs … 514.37 µs  in 10 ×    210 runs
Total tests: 1, passed: 1, failed: 0.

===== index=3 name=medium/always-changed whitespace edit + annotation read =====
[examples/spikes/minimal_no_shadow_lambda_projection] bench main/cutoff_benchmark.mbt:205 ("P1.3 medium/always-changed whitespace edit + annotation read") ok
time (mean ± σ)         range (min … max) 
 518.67 µs ±  19.97 µs   497.81 µs … 556.85 µs  in 10 ×    202 runs
Total tests: 1, passed: 1, failed: 0.

===== index=3 name=medium/always-changed whitespace edit + annotation read =====
[examples/spikes/minimal_no_shadow_lambda_projection] bench main/cutoff_benchmark.mbt:205 ("P1.3 medium/always-changed whitespace edit + annotation read") ok
time (mean ± σ)         range (min … max) 
 534.52 µs ±  25.54 µs   505.08 µs … 585.55 µs  in 10 ×    194 runs
Total tests: 1, passed: 1, failed: 0.

===== index=2 name=medium/eq-cutoff whitespace edit + annotation read =====
[examples/spikes/minimal_no_shadow_lambda_projection] bench main/cutoff_benchmark.mbt:200 ("P1.3 medium/eq-cutoff whitespace edit + annotation read") ok
time (mean ± σ)         range (min … max) 
 470.30 µs ±   8.65 µs   459.88 µs … 488.51 µs  in 10 ×    198 runs
Total tests: 1, passed: 1, failed: 0.

===== index=5 name=large/eq-cutoff whitespace edit + annotation read =====
[examples/spikes/minimal_no_shadow_lambda_projection] bench main/cutoff_benchmark.mbt:215 ("P1.3 large/eq-cutoff whitespace edit + annotation read") ok
time (mean ± σ)         range (min … max) 
   2.03 ms ±  93.73 µs     1.94 ms …   2.23 ms  in 10 ×     50 runs
Total tests: 1, passed: 1, failed: 0.

===== index=4 name=large/always-changed whitespace edit + annotation read =====
[examples/spikes/minimal_no_shadow_lambda_projection] bench main/cutoff_benchmark.mbt:210 ("P1.3 large/always-changed whitespace edit + annotation read") ok
time (mean ± σ)         range (min … max) 
   2.30 ms ±  35.85 µs     2.23 ms …   2.35 ms  in 10 ×     46 runs
Total tests: 1, passed: 1, failed: 0.

===== index=4 name=large/always-changed whitespace edit + annotation read =====
[examples/spikes/minimal_no_shadow_lambda_projection] bench main/cutoff_benchmark.mbt:210 ("P1.3 large/always-changed whitespace edit + annotation read") ok
time (mean ± σ)         range (min … max) 
   2.30 ms ±  32.76 µs     2.25 ms …   2.35 ms  in 10 ×     45 runs
Total tests: 1, passed: 1, failed: 0.

===== index=5 name=large/eq-cutoff whitespace edit + annotation read =====
[examples/spikes/minimal_no_shadow_lambda_projection] bench main/cutoff_benchmark.mbt:215 ("P1.3 large/eq-cutoff whitespace edit + annotation read") ok
time (mean ± σ)         range (min … max) 
   2.10 ms ±  34.78 µs     2.03 ms …   2.15 ms  in 10 ×     51 runs
Total tests: 1, passed: 1, failed: 0.
